// Jest Snapshot v1, https://goo.gl/fbAQLP

exports[`Renderizado y correcto funcionamiento del flujo de autenticación Debe existir un componente AuthButtons en el dom 1`] = `
<div>
  <div
    class="buttons-container"
  >
    <button
      class="button"
      data-testid="button-login"
    >
      Log In
    </button>
    <div
      class="modal "
    >
      <div
        class="modal-content"
      >
        <h2>
          Log In
        </h2>
        <h4>
          To continue to Loopit
        </h4>
        <form
          class="form"
        >
          <div>
            <label
              for="username"
            >
              Username or Email
            </label>
            <input
              autocomplete="off"
              class=""
              id="username"
              name="username"
              placeholder="email@example.com"
              value=""
            />
            <span
              class="error-message "
            >
              Username is required
            </span>
          </div>
          <div>
            <label
              for="password"
            >
              Password
            </label>
            <input
              autocomplete="off"
              class=""
              id="password"
              name="password"
              placeholder="••••••••"
              type="password"
              value=""
            />
            <span
              class="error-message "
            >
              Password is required
            </span>
          </div>
          <span
            class="error-message "
          >
            <br />
          </span>
          <button
            class="btn"
            type="submit"
          >
            Log In
          </button>
        </form>
        <div
          class="link"
        >
          <p>
            Not registered yet? 
            <button
              class="linkTo"
            >
              Sign Up
            </button>
          </p>
        </div>
      </div>
    </div>
    <button
      class="button"
      data-testid="button-register"
    >
      Sign Up
    </button>
    <div
      class="modal "
    >
      <div
        class="modal-content"
      >
        <h2>
          Sign Up
        </h2>
        <h4>
          Create a new account
        </h4>
        <form
          class="form"
        >
          <div>
            <label
              for="fullname"
            >
              Full Name
            </label>
            <input
              autocomplete="off"
              class=""
              id="fullname"
              name="fullname"
              placeholder="John Code"
              value=""
            />
            <span
              class="error-message "
            >
              Fullname is required
            </span>
          </div>
          <div>
            <label
              for="user"
            >
              Username
            </label>
            <input
              autocomplete="off"
              class=""
              id="user"
              name="user"
              placeholder="Looper"
              value=""
            />
            <span
              class="error-message "
            >
              Username is required
            </span>
          </div>
          <div>
            <label
              for="email"
            >
              Email
            </label>
            <input
              autocomplete="off"
              class=""
              id="email"
              name="email"
              placeholder="email@example.com"
              value=""
            />
            <span
              class="error-message "
            >
              Email is required
            </span>
          </div>
          <div>
            <label
              for="pass"
            >
              Password
            </label>
            <input
              autocomplete="off"
              class=""
              id="pass"
              name="pass"
              placeholder="••••••••"
              type="password"
              value=""
            />
            <span
              class="error-message "
            >
              Password is required
            </span>
          </div>
          <div>
            <label
              for="confirmPass"
            >
              Confirm Password
            </label>
            <input
              autocomplete="off"
              class=""
              id="confirmPass"
              name="confirmPass"
              placeholder="••••••••"
              type="password"
              value=""
            />
            <span
              class="error-message "
            >
              Password confirmation is required
            </span>
          </div>
          <button
            class="btn"
            type="submit"
          >
            Sign Up
          </button>
        </form>
        <div
          class="link"
        >
          <p>
            Already have an account? 
            <button
              class="linkTo"
            >
              Log In
            </button>
          </p>
        </div>
      </div>
    </div>
  </div>
</div>
`;
